cargo :    Compiling backend 
v0.1.0 (C:\Alwardas A 
A\backend)
At line:1 char:213
+ ... ::SetEnvironmentVariabl
e($name, $value) } ; cargo 
run > test.log 2>&1
+                            
                     
~~~~~~~~~~~~~~~~~~~~~~~~~
    + CategoryInfo           
   : NotSpecified: (   Comp  
  iling ba...as A A\backen   
 d):String) [], RemoteExc    
eption
    + FullyQualifiedErrorId  
   : NativeCommandError
 
warning: unused import: 
`sqlx::Row`
  --> src\routes\coordinator.
rs:11:5
   |
11 | use sqlx::Row; // For 
manual mapping if needed, 
but FromRow derives should 
work
   |     ^^^^^^^^^
   |
   = note: 
`#[warn(unused_imports)]` 
(part of `#[warn(unused)]`) 
on by default

warning: unused variable: 
`cors`
   --> src\main.rs:216:9
    |
216 |     let cors = 
CorsLayer::new()
    |         ^^^^ help: if 
this is intentional, prefix 
it with an underscore: 
`_cors`
    |
    = note: 
`#[warn(unused_variables)]` 
(part of `#[warn(unused)]`) 
on by default

warning: fields `user_id` 
and `role` are never read
   --> src\models.rs:831:9
    |
829 | pub struct 
GetAnnouncementsQuery {
    |            
--------------------- fields 
in this struct
830 |     #[serde(rename = 
"userId")]
831 |     pub user_id: 
Option<String>,
    |         ^^^^^^^
832 |     pub role: 
Option<String>,
    |         ^^^^
    |
    = note: 
`#[warn(dead_code)]` (part 
of `#[warn(unused)]`) on by 
default

warning: fields `branch` and 
`year` are never read
  --> 
src\routes\faculty.rs:18:9
   |
15 | pub struct 
MoveStudentsRequest {
   |            
------------------- fields 
in this struct
...
18 |     pub branch: String, 
   |         ^^^^^^
19 |     pub year: String,
   |         ^^^^

warning: `backend` (bin 
"backend") generated 4 
warnings (run `cargo fix 
--bin "backend" -p backend` 
to apply 1 suggestion)
    Finished `dev` profile 
[unoptimized + debuginfo] 
target(s) in 36.83s
warning: the following 
packages contain code that 
will be rejected by a future 
version of Rust: redis 
v0.24.0, sqlx-postgres v0.7.4
note: to see what the 
problems were, use the 
option 
`--future-incompat-report`, 
or run `cargo report 
future-incompatibilities 
--id 8`
     Running 
`target\debug\backend.exe`
≡ƒÜÇ Server listening on 0.0.0.0:3001
v1.5 - Sections Fix
Γ£à Successfully connected to the database!
ΓÜá∩╕Å Migration warning: 
migration 20240205 was 
previously applied but has 
been modified. The app will 
try to continue.
≡ƒöº Attempting to force-fix schema...
≡ƒöº Schema fix & Data distribution complete.
Γ£à Server ready
error: process didn't exit 
successfully: 
`target\debug\backend.exe` 
(exit code: 0xffffffff)
